
R version 3.0.2 (2013-09-25) -- "Frisbee Sailing"
Copyright (C) 2013 The R Foundation for Statistical Computing
Platform: x86_64-redhat-linux-gnu (64-bit)

R is free software and comes with ABSOLUTELY NO WARRANTY.
You are welcome to redistribute it under certain conditions.
Type 'license()' or 'licence()' for distribution details.

  Natural language support but running in an English locale

R is a collaborative project with many contributors.
Type 'contributors()' for more information and
'citation()' on how to cite R or R packages in publications.

Type 'demo()' for some demos, 'help()' for on-line help, or
'help.start()' for an HTML browser interface to help.
Type 'q()' to quit R.

> # Copyright (C) 2013 by M. Edward (Ed) Borasky
> #
> # This program is licensed to you under the terms of version 3 of the
> # GNU Affero General Public License. This program is distributed WITHOUT
> # ANY EXPRESS OR IMPLIED WARRANTY, INCLUDING THOSE OF NON-INFRINGEMENT,
> # MERCHANTABILITY OR FITNESS FOR A PARTICULAR PURPOSE. Please refer to the
> # AGPL (http://www.gnu.org/licenses/agpl-3.0.txt) for more details.
> #
> 
> # clean slate
> ls(); rm(list = ls()); gc()
character(0)
         used (Mb) gc trigger (Mb) max used (Mb)
Ncells 182198  9.8     407500 21.8   338731 18.1
Vcells 277882  2.2     786432  6.0   786409  6.0
> 
> old.mc.cores <- options(mc.cores = 1) # set to 1 for debugging
> gcinfo(FALSE) # set to TRUE to see impact of low RAM
[1] FALSE
> 
> # libraries needed
> library(email.mining.for.journos)
> library(tm)
> 
> # make and save the corpus
> print(date())
[1] "Wed Dec 18 01:29:49 2013"
> rdevel.corpus <- make.email.corpus('/data/rdevel')
> print(date())
[1] "Wed Dec 18 01:29:53 2013"
> print(summary(rdevel.corpus))
A corpus with 4584 text documents

The metadata consists of 2 tag-value pairs and a data frame
Available tags are:
  create_date creator 
Available variables in the data frame are:
  MetaID 
NULL
> save(rdevel.corpus, file = '/data/rdevel-corpus.rda', compress = 'xz')
> 
> # now make and save Document-Term Matrix
> print(date())
[1] "Wed Dec 18 01:30:00 2013"
> rdevel.dtm <- DocumentTermMatrix(
+   clean.email.corpus(rdevel.corpus),
+   control = list(
+     tolower = FALSE, 
+     wordLengths = c(3, Inf)
+   )
+ )
> print(date())
[1] "Wed Dec 18 01:30:30 2013"
> save(rdevel.dtm, file = '/data/rdevel-dtm.rda', compress = 'xz')
> 
> # Top 20 Authors
> rdevel.authors <- lapply(rdevel.corpus, Author)
> rdevel.authors <- sapply(rdevel.authors, paste, collapse = " ")
> print(sort(table(rdevel.authors), decreasing = TRUE)[1:20])
rdevel.authors
       ripley at stats.ox.ac.uk (Prof Brian Ripley) 
                                                483 
           murdoch at stats.uwo.ca (Duncan Murdoch) 
                                                305 
    ggrothendieck at gmail.com (Gabor Grothendieck) 
                                                192 
       p.dalgaard at biostat.ku.dk (Peter Dalgaard) 
                                                163 
                 sfalcon at fhcrc.org (Seth Falcon) 
                                                156 
    maechler at stat.math.ethz.ch (Martin Maechler) 
                                                135 
ripley at stats.ox.ac.uk (ripley at stats.ox.ac.uk) 
                                                 86 
        tlumley at u.washington.edu (Thomas Lumley) 
                                                 74 
    hin-tak.leung at cimr.cam.ac.uk (Hin-Tak Leung) 
                                                 67 
               jmc at r-project.org (John Chambers) 
                                                 66 
     simon.urbanek at r-project.org (Simon Urbanek) 
                                                 65 
              edd at debian.org (Dirk Eddelbuettel) 
                                                 57 
   ligges at statistik.uni-dortmund.de (Uwe Ligges) 
                                                 51 
            h.wickham at gmail.com (hadley wickham) 
                                                 50 
   pgilbert at bank-banque-canada.ca (Paul Gilbert) 
                                                 49 
  gregor.gorjanc at bfro.uni-lj.si (Gregor Gorjanc) 
                                                 47 
     deepayan.sarkar at gmail.com (Deepayan Sarkar) 
                                                 37 
         hb at stat.berkeley.edu (Henrik Bengtsson) 
                                                 37 
         r.hankin at noc.soton.ac.uk (Robin Hankin) 
                                                 36 
              hb at maths.lth.se (Henrik Bengtsson) 
                                                 33 
> 
> # Top 20 Headings
> rdevel.headings <- lapply(rdevel.corpus, Heading)
> rdevel.headings <- sapply(rdevel.headings, paste, collapse = " ")
> print(sort(table(rdevel.headings), decreasing = TRUE)[1:20])
rdevel.headings
                                       [Rd] 'CanMakeUseOf' field 
                                                              46 
       [Rd] how to determine if a function's result is invisible 
                                                              33 
                                 [Rd] attributes of environments 
                                                              24 
                        [Rd] Links to non-vignette documentation 
                                                              22 
      [Rd] about integration of a  library into package creation 
                                                              20 
                                                 [Rd] as.missing 
                                                              19 
                                           [Rd] Help for methods 
                                                              19 
                                        [Rd] S4 Methods dispatch 
                                                              18 
           [Rd] Any interest in "merge" and "by" implementations 
                                                              17 
                    [Rd] Error condition in evaluating a promise 
                                                              16 
[Rd] options("quit.with.no.save"), and Windows installer changes 
                                                              16 
                                  [Rd] prod(numeric(0)) surprise 
                                                              16 
            [Rd] Speed of runif() on different Operating Systems 
                                                              16 
                [Rd] Stack checking, core dumps, and embedding R 
                                                              16 
                                        [Rd] UTF-8 and .Rd files 
                                                              16 
                            [Rd] data frame subset patch, take 2 
                                                              15 
                          [Rd] Source references from the parser 
                                                              15 
   [Rd] 'CanMakeUseOf' field  [was ".. Add 'fields' argument ..] 
                                                              14 
                                                   [Rd] c.factor 
                                                              14 
                   [Rd] memory issues with new release (PR#9344) 
                                                              14 
> 
45.10user 0.41system 0:45.65elapsed 99%CPU (0avgtext+0avgdata 423588maxresident)k
608inputs+5784outputs (1major+93965minor)pagefaults 0swaps
